<!DOCTYPE HTML PUBLIC "-//W3C//DTD HTML 3.2 Final//EN">
<html><head>
<title>Menu for /SCD/peb/font/makefont/cp1254.map</title>
</head><body>
<h1>Menu for /SCD/peb/font/makefont/cp1254.map</h1>
<hr />

<pre>          <a href="https://www2.u-bordeaux3.fr/SCD/peb/font/makefont/U+0000">U+0000</a></pre>
<pre>          <a href="https://www2.u-bordeaux3.fr/SCD/peb/font/makefont/U+0001">U+0001</a></pre>
<pre>          <a href="https://www2.u-bordeaux3.fr/SCD/peb/font/makefont/U+0002">U+0002</a></pre>
<pre>          <a href="https://www2.u-bordeaux3.fr/SCD/peb/font/makefont/U+0003">U+0003</a></pre>
<pre>          <a href="https://www2.u-bordeaux3.fr/SCD/peb/font/makefont/U+0004">U+0004</a></pre>
<pre>          <a href="https://www2.u-bordeaux3.fr/SCD/peb/font/makefont/U+0005">U+0005</a></pre>
<pre>          <a href="https://www2.u-bordeaux3.fr/SCD/peb/font/makefont/U+0006">U+0006</a></pre>
<pre>          <a href="https://www2.u-bordeaux3.fr/SCD/peb/font/makefont/U+0007">U+0007</a></pre>
<pre>          <a href="https://www2.u-bordeaux3.fr/SCD/peb/font/makefont/U+0008">U+0008</a></pre>
<pre>          <a href="https://www2.u-bordeaux3.fr/SCD/peb/font/makefont/U+0009">U+0009</a></pre>
<pre>          <a href="https://www2.u-bordeaux3.fr/SCD/peb/font/makefont/U+000A">U+000A</a></pre>
<pre>          <a href="https://www2.u-bordeaux3.fr/SCD/peb/font/makefont/U+000B">U+000B</a></pre>
<pre>          <a href="https://www2.u-bordeaux3.fr/SCD/peb/font/makefont/U+000C">U+000C</a></pre>
<pre>          <a href="https://www2.u-bordeaux3.fr/SCD/peb/font/makefont/U+000D">U+000D</a></pre>
<pre>          <a href="https://www2.u-bordeaux3.fr/SCD/peb/font/makefont/U+000E">U+000E</a></pre>
<pre>          <a href="https://www2.u-bordeaux3.fr/SCD/peb/font/makefont/U+000F">U+000F</a></pre>
<pre>          <a href="https://www2.u-bordeaux3.fr/SCD/peb/font/makefont/U+0010">U+0010</a></pre>
<pre>          <a href="https://www2.u-bordeaux3.fr/SCD/peb/font/makefont/U+0011">U+0011</a></pre>
<pre>          <a href="https://www2.u-bordeaux3.fr/SCD/peb/font/makefont/U+0012">U+0012</a></pre>
<pre>          <a href="https://www2.u-bordeaux3.fr/SCD/peb/font/makefont/U+0013">U+0013</a></pre>
<pre>          <a href="https://www2.u-bordeaux3.fr/SCD/peb/font/makefont/U+0014">U+0014</a></pre>
<pre>          <a href="https://www2.u-bordeaux3.fr/SCD/peb/font/makefont/U+0015">U+0015</a></pre>
<pre>          <a href="https://www2.u-bordeaux3.fr/SCD/peb/font/makefont/U+0016">U+0016</a></pre>
<pre>          <a href="https://www2.u-bordeaux3.fr/SCD/peb/font/makefont/U+0017">U+0017</a></pre>
<pre>          <a href="https://www2.u-bordeaux3.fr/SCD/peb/font/makefont/U+0018">U+0018</a></pre>
<pre>          <a href="https://www2.u-bordeaux3.fr/SCD/peb/font/makefont/U+0019">U+0019</a></pre>
<pre>          <a href="https://www2.u-bordeaux3.fr/SCD/peb/font/makefont/U+001A">U+001A</a></pre>
<pre>          <a href="https://www2.u-bordeaux3.fr/SCD/peb/font/makefont/U+001B">U+001B</a></pre>
<pre>          <a href="https://www2.u-bordeaux3.fr/SCD/peb/font/makefont/U+001C">U+001C</a></pre>
<pre>          <a href="https://www2.u-bordeaux3.fr/SCD/peb/font/makefont/U+001D">U+001D</a></pre>
<pre>          <a href="https://www2.u-bordeaux3.fr/SCD/peb/font/makefont/U+001E">U+001E</a></pre>
<pre>          <a href="https://www2.u-bordeaux3.fr/SCD/peb/font/makefont/U+001F">U+001F</a></pre>
<pre>          <a href="https://www2.u-bordeaux3.fr/SCD/peb/font/makefont/U+0020">U+0020</a></pre>
<pre>          <a href="https://www2.u-bordeaux3.fr/SCD/peb/font/makefont/U+0021">U+0021</a></pre>
<pre>          <a href="https://www2.u-bordeaux3.fr/SCD/peb/font/makefont/U+0022">U+0022</a></pre>
<pre>          <a href="https://www2.u-bordeaux3.fr/SCD/peb/font/makefont/U+0023">U+0023</a></pre>
<pre>          <a href="https://www2.u-bordeaux3.fr/SCD/peb/font/makefont/U+0024">U+0024</a></pre>
<pre>          <a href="https://www2.u-bordeaux3.fr/SCD/peb/font/makefont/U+0025">U+0025</a></pre>
<pre>          <a href="https://www2.u-bordeaux3.fr/SCD/peb/font/makefont/U+0026">U+0026</a></pre>
<pre>          <a href="https://www2.u-bordeaux3.fr/SCD/peb/font/makefont/U+0027">U+0027</a></pre>
<pre>          <a href="https://www2.u-bordeaux3.fr/SCD/peb/font/makefont/U+0028">U+0028</a></pre>
<pre>          <a href="https://www2.u-bordeaux3.fr/SCD/peb/font/makefont/U+0029">U+0029</a></pre>
<pre>          <a href="https://www2.u-bordeaux3.fr/SCD/peb/font/makefont/U+002A">U+002A</a></pre>
<pre>          <a href="https://www2.u-bordeaux3.fr/SCD/peb/font/makefont/U+002B">U+002B</a></pre>
<pre>          <a href="https://www2.u-bordeaux3.fr/SCD/peb/font/makefont/U+002C">U+002C</a></pre>
<pre>          <a href="https://www2.u-bordeaux3.fr/SCD/peb/font/makefont/U+002D">U+002D</a></pre>
<pre>          <a href="https://www2.u-bordeaux3.fr/SCD/peb/font/makefont/U+002E">U+002E</a></pre>
<pre>          <a href="https://www2.u-bordeaux3.fr/SCD/peb/font/makefont/U+002F">U+002F</a></pre>
<pre>          <a href="https://www2.u-bordeaux3.fr/SCD/peb/font/makefont/U+0030">U+0030</a></pre>
<pre>          <a href="https://www2.u-bordeaux3.fr/SCD/peb/font/makefont/U+0031">U+0031</a></pre>
<pre>          <a href="https://www2.u-bordeaux3.fr/SCD/peb/font/makefont/U+0032">U+0032</a></pre>
<pre>          <a href="https://www2.u-bordeaux3.fr/SCD/peb/font/makefont/U+0033">U+0033</a></pre>
<pre>          <a href="https://www2.u-bordeaux3.fr/SCD/peb/font/makefont/U+0034">U+0034</a></pre>
<pre>          <a href="https://www2.u-bordeaux3.fr/SCD/peb/font/makefont/U+0035">U+0035</a></pre>
<pre>          <a href="https://www2.u-bordeaux3.fr/SCD/peb/font/makefont/U+0036">U+0036</a></pre>
<pre>          <a href="https://www2.u-bordeaux3.fr/SCD/peb/font/makefont/U+0037">U+0037</a></pre>
<pre>          <a href="https://www2.u-bordeaux3.fr/SCD/peb/font/makefont/U+0038">U+0038</a></pre>
<pre>          <a href="https://www2.u-bordeaux3.fr/SCD/peb/font/makefont/U+0039">U+0039</a></pre>
<pre>          <a href="https://www2.u-bordeaux3.fr/SCD/peb/font/makefont/U+003A">U+003A</a></pre>
<pre>          <a href="https://www2.u-bordeaux3.fr/SCD/peb/font/makefont/U+003B">U+003B</a></pre>
<pre>          <a href="https://www2.u-bordeaux3.fr/SCD/peb/font/makefont/U+003C">U+003C</a></pre>
<pre>          <a href="https://www2.u-bordeaux3.fr/SCD/peb/font/makefont/U+003D">U+003D</a></pre>
<pre>          <a href="https://www2.u-bordeaux3.fr/SCD/peb/font/makefont/U+003E">U+003E</a></pre>
<pre>          <a href="https://www2.u-bordeaux3.fr/SCD/peb/font/makefont/U+003F">U+003F</a></pre>
<pre>          <a href="https://www2.u-bordeaux3.fr/SCD/peb/font/makefont/U+0040">U+0040</a></pre>
<pre>          <a href="https://www2.u-bordeaux3.fr/SCD/peb/font/makefont/U+0041">U+0041</a></pre>
<pre>          <a href="https://www2.u-bordeaux3.fr/SCD/peb/font/makefont/U+0042">U+0042</a></pre>
<pre>          <a href="https://www2.u-bordeaux3.fr/SCD/peb/font/makefont/U+0043">U+0043</a></pre>
<pre>          <a href="https://www2.u-bordeaux3.fr/SCD/peb/font/makefont/U+0044">U+0044</a></pre>
<pre>          <a href="https://www2.u-bordeaux3.fr/SCD/peb/font/makefont/U+0045">U+0045</a></pre>
<pre>          <a href="https://www2.u-bordeaux3.fr/SCD/peb/font/makefont/U+0046">U+0046</a></pre>
<pre>          <a href="https://www2.u-bordeaux3.fr/SCD/peb/font/makefont/U+0047">U+0047</a></pre>
<pre>          <a href="https://www2.u-bordeaux3.fr/SCD/peb/font/makefont/U+0048">U+0048</a></pre>
<pre>          <a href="https://www2.u-bordeaux3.fr/SCD/peb/font/makefont/U+0049">U+0049</a></pre>
<pre>          <a href="https://www2.u-bordeaux3.fr/SCD/peb/font/makefont/U+004A">U+004A</a></pre>
<pre>          <a href="https://www2.u-bordeaux3.fr/SCD/peb/font/makefont/U+004B">U+004B</a></pre>
<pre>          <a href="https://www2.u-bordeaux3.fr/SCD/peb/font/makefont/U+004C">U+004C</a></pre>
<pre>          <a href="https://www2.u-bordeaux3.fr/SCD/peb/font/makefont/U+004D">U+004D</a></pre>
<pre>          <a href="https://www2.u-bordeaux3.fr/SCD/peb/font/makefont/U+004E">U+004E</a></pre>
<pre>          <a href="https://www2.u-bordeaux3.fr/SCD/peb/font/makefont/U+004F">U+004F</a></pre>
<pre>          <a href="https://www2.u-bordeaux3.fr/SCD/peb/font/makefont/U+0050">U+0050</a></pre>
<pre>          <a href="https://www2.u-bordeaux3.fr/SCD/peb/font/makefont/U+0051">U+0051</a></pre>
<pre>          <a href="https://www2.u-bordeaux3.fr/SCD/peb/font/makefont/U+0052">U+0052</a></pre>
<pre>          <a href="https://www2.u-bordeaux3.fr/SCD/peb/font/makefont/U+0053">U+0053</a></pre>
<pre>          <a href="https://www2.u-bordeaux3.fr/SCD/peb/font/makefont/U+0054">U+0054</a></pre>
<pre>          <a href="https://www2.u-bordeaux3.fr/SCD/peb/font/makefont/U+0055">U+0055</a></pre>
<pre>          <a href="https://www2.u-bordeaux3.fr/SCD/peb/font/makefont/U+0056">U+0056</a></pre>
<pre>          <a href="https://www2.u-bordeaux3.fr/SCD/peb/font/makefont/U+0057">U+0057</a></pre>
<pre>          <a href="https://www2.u-bordeaux3.fr/SCD/peb/font/makefont/U+0058">U+0058</a></pre>
<pre>          <a href="https://www2.u-bordeaux3.fr/SCD/peb/font/makefont/U+0059">U+0059</a></pre>
<pre>          <a href="https://www2.u-bordeaux3.fr/SCD/peb/font/makefont/U+005A">U+005A</a></pre>
<pre>          <a href="https://www2.u-bordeaux3.fr/SCD/peb/font/makefont/U+005B">U+005B</a></pre>
<pre>          <a href="https://www2.u-bordeaux3.fr/SCD/peb/font/makefont/U+005C">U+005C</a></pre>
<pre>          <a href="https://www2.u-bordeaux3.fr/SCD/peb/font/makefont/U+005D">U+005D</a></pre>
<pre>          <a href="https://www2.u-bordeaux3.fr/SCD/peb/font/makefont/U+005E">U+005E</a></pre>
<pre>          <a href="https://www2.u-bordeaux3.fr/SCD/peb/font/makefont/U+005F">U+005F</a></pre>
<pre>          <a href="https://www2.u-bordeaux3.fr/SCD/peb/font/makefont/U+0060">U+0060</a></pre>
<pre>          <a href="https://www2.u-bordeaux3.fr/SCD/peb/font/makefont/U+0061">U+0061</a></pre>
<pre>          <a href="https://www2.u-bordeaux3.fr/SCD/peb/font/makefont/U+0062">U+0062</a></pre>
<pre>          <a href="https://www2.u-bordeaux3.fr/SCD/peb/font/makefont/U+0063">U+0063</a></pre>
<pre>          <a href="https://www2.u-bordeaux3.fr/SCD/peb/font/makefont/U+0064">U+0064</a></pre>
<pre>          <a href="https://www2.u-bordeaux3.fr/SCD/peb/font/makefont/U+0065">U+0065</a></pre>
<pre>          <a href="https://www2.u-bordeaux3.fr/SCD/peb/font/makefont/U+0066">U+0066</a></pre>
<pre>          <a href="https://www2.u-bordeaux3.fr/SCD/peb/font/makefont/U+0067">U+0067</a></pre>
<pre>          <a href="https://www2.u-bordeaux3.fr/SCD/peb/font/makefont/U+0068">U+0068</a></pre>
<pre>          <a href="https://www2.u-bordeaux3.fr/SCD/peb/font/makefont/U+0069">U+0069</a></pre>
<pre>          <a href="https://www2.u-bordeaux3.fr/SCD/peb/font/makefont/U+006A">U+006A</a></pre>
<pre>          <a href="https://www2.u-bordeaux3.fr/SCD/peb/font/makefont/U+006B">U+006B</a></pre>
<pre>          <a href="https://www2.u-bordeaux3.fr/SCD/peb/font/makefont/U+006C">U+006C</a></pre>
<pre>          <a href="https://www2.u-bordeaux3.fr/SCD/peb/font/makefont/U+006D">U+006D</a></pre>
<pre>          <a href="https://www2.u-bordeaux3.fr/SCD/peb/font/makefont/U+006E">U+006E</a></pre>
<pre>          <a href="https://www2.u-bordeaux3.fr/SCD/peb/font/makefont/U+006F">U+006F</a></pre>
<pre>          <a href="https://www2.u-bordeaux3.fr/SCD/peb/font/makefont/U+0070">U+0070</a></pre>
<pre>          <a href="https://www2.u-bordeaux3.fr/SCD/peb/font/makefont/U+0071">U+0071</a></pre>
<pre>          <a href="https://www2.u-bordeaux3.fr/SCD/peb/font/makefont/U+0072">U+0072</a></pre>
<pre>          <a href="https://www2.u-bordeaux3.fr/SCD/peb/font/makefont/U+0073">U+0073</a></pre>
<pre>          <a href="https://www2.u-bordeaux3.fr/SCD/peb/font/makefont/U+0074">U+0074</a></pre>
<pre>          <a href="https://www2.u-bordeaux3.fr/SCD/peb/font/makefont/U+0075">U+0075</a></pre>
<pre>          <a href="https://www2.u-bordeaux3.fr/SCD/peb/font/makefont/U+0076">U+0076</a></pre>
<pre>          <a href="https://www2.u-bordeaux3.fr/SCD/peb/font/makefont/U+0077">U+0077</a></pre>
<pre>          <a href="https://www2.u-bordeaux3.fr/SCD/peb/font/makefont/U+0078">U+0078</a></pre>
<pre>          <a href="https://www2.u-bordeaux3.fr/SCD/peb/font/makefont/U+0079">U+0079</a></pre>
<pre>          <a href="https://www2.u-bordeaux3.fr/SCD/peb/font/makefont/U+007A">U+007A</a></pre>
<pre>          <a href="https://www2.u-bordeaux3.fr/SCD/peb/font/makefont/U+007B">U+007B</a></pre>
<pre>          <a href="https://www2.u-bordeaux3.fr/SCD/peb/font/makefont/U+007C">U+007C</a></pre>
<pre>          <a href="https://www2.u-bordeaux3.fr/SCD/peb/font/makefont/U+007D">U+007D</a></pre>
<pre>          <a href="https://www2.u-bordeaux3.fr/SCD/peb/font/makefont/U+007E">U+007E</a></pre>
<pre>          <a href="https://www2.u-bordeaux3.fr/SCD/peb/font/makefont/U+007F">U+007F</a></pre>
<pre>          <a href="https://www2.u-bordeaux3.fr/SCD/peb/font/makefont/U+20AC">U+20AC</a></pre>
<pre>          <a href="https://www2.u-bordeaux3.fr/SCD/peb/font/makefont/U+201A">U+201A</a></pre>
<pre>          <a href="https://www2.u-bordeaux3.fr/SCD/peb/font/makefont/U+0192">U+0192</a></pre>
<pre>          <a href="https://www2.u-bordeaux3.fr/SCD/peb/font/makefont/U+201E">U+201E</a></pre>
<pre>          <a href="https://www2.u-bordeaux3.fr/SCD/peb/font/makefont/U+2026">U+2026</a></pre>
<pre>          <a href="https://www2.u-bordeaux3.fr/SCD/peb/font/makefont/U+2020">U+2020</a></pre>
<pre>          <a href="https://www2.u-bordeaux3.fr/SCD/peb/font/makefont/U+2021">U+2021</a></pre>
<pre>          <a href="https://www2.u-bordeaux3.fr/SCD/peb/font/makefont/U+02C6">U+02C6</a></pre>
<pre>          <a href="https://www2.u-bordeaux3.fr/SCD/peb/font/makefont/U+2030">U+2030</a></pre>
<pre>          <a href="https://www2.u-bordeaux3.fr/SCD/peb/font/makefont/U+0160">U+0160</a></pre>
<pre>          <a href="https://www2.u-bordeaux3.fr/SCD/peb/font/makefont/U+2039">U+2039</a></pre>
<pre>          <a href="https://www2.u-bordeaux3.fr/SCD/peb/font/makefont/U+0152">U+0152</a></pre>
<pre>          <a href="https://www2.u-bordeaux3.fr/SCD/peb/font/makefont/U+2018">U+2018</a></pre>
<pre>          <a href="https://www2.u-bordeaux3.fr/SCD/peb/font/makefont/U+2019">U+2019</a></pre>
<pre>          <a href="https://www2.u-bordeaux3.fr/SCD/peb/font/makefont/U+201C">U+201C</a></pre>
<pre>          <a href="https://www2.u-bordeaux3.fr/SCD/peb/font/makefont/U+201D">U+201D</a></pre>
<pre>          <a href="https://www2.u-bordeaux3.fr/SCD/peb/font/makefont/U+2022">U+2022</a></pre>
<pre>          <a href="https://www2.u-bordeaux3.fr/SCD/peb/font/makefont/U+2013">U+2013</a></pre>
<pre>          <a href="https://www2.u-bordeaux3.fr/SCD/peb/font/makefont/U+2014">U+2014</a></pre>
<pre>          <a href="https://www2.u-bordeaux3.fr/SCD/peb/font/makefont/U+02DC">U+02DC</a></pre>
<pre>          <a href="https://www2.u-bordeaux3.fr/SCD/peb/font/makefont/U+2122">U+2122</a></pre>
<pre>          <a href="https://www2.u-bordeaux3.fr/SCD/peb/font/makefont/U+0161">U+0161</a></pre>
<pre>          <a href="https://www2.u-bordeaux3.fr/SCD/peb/font/makefont/U+203A">U+203A</a></pre>
<pre>          <a href="https://www2.u-bordeaux3.fr/SCD/peb/font/makefont/U+0153">U+0153</a></pre>
<pre>          <a href="https://www2.u-bordeaux3.fr/SCD/peb/font/makefont/U+0178">U+0178</a></pre>
<pre>          <a href="https://www2.u-bordeaux3.fr/SCD/peb/font/makefont/U+00A0">U+00A0</a></pre>
<pre>          <a href="https://www2.u-bordeaux3.fr/SCD/peb/font/makefont/U+00A1">U+00A1</a></pre>
<pre>          <a href="https://www2.u-bordeaux3.fr/SCD/peb/font/makefont/U+00A2">U+00A2</a></pre>
<pre>          <a href="https://www2.u-bordeaux3.fr/SCD/peb/font/makefont/U+00A3">U+00A3</a></pre>
<pre>          <a href="https://www2.u-bordeaux3.fr/SCD/peb/font/makefont/U+00A4">U+00A4</a></pre>
<pre>          <a href="https://www2.u-bordeaux3.fr/SCD/peb/font/makefont/U+00A5">U+00A5</a></pre>
<pre>          <a href="https://www2.u-bordeaux3.fr/SCD/peb/font/makefont/U+00A6">U+00A6</a></pre>
<pre>          <a href="https://www2.u-bordeaux3.fr/SCD/peb/font/makefont/U+00A7">U+00A7</a></pre>
<pre>          <a href="https://www2.u-bordeaux3.fr/SCD/peb/font/makefont/U+00A8">U+00A8</a></pre>
<pre>          <a href="https://www2.u-bordeaux3.fr/SCD/peb/font/makefont/U+00A9">U+00A9</a></pre>
<pre>          <a href="https://www2.u-bordeaux3.fr/SCD/peb/font/makefont/U+00AA">U+00AA</a></pre>
<pre>          <a href="https://www2.u-bordeaux3.fr/SCD/peb/font/makefont/U+00AB">U+00AB</a></pre>
<pre>          <a href="https://www2.u-bordeaux3.fr/SCD/peb/font/makefont/U+00AC">U+00AC</a></pre>
<pre>          <a href="https://www2.u-bordeaux3.fr/SCD/peb/font/makefont/U+00AD">U+00AD</a></pre>
<pre>          <a href="https://www2.u-bordeaux3.fr/SCD/peb/font/makefont/U+00AE">U+00AE</a></pre>
<pre>          <a href="https://www2.u-bordeaux3.fr/SCD/peb/font/makefont/U+00AF">U+00AF</a></pre>
<pre>          <a href="https://www2.u-bordeaux3.fr/SCD/peb/font/makefont/U+00B0">U+00B0</a></pre>
<pre>          <a href="https://www2.u-bordeaux3.fr/SCD/peb/font/makefont/U+00B1">U+00B1</a></pre>
<pre>          <a href="https://www2.u-bordeaux3.fr/SCD/peb/font/makefont/U+00B2">U+00B2</a></pre>
<pre>          <a href="https://www2.u-bordeaux3.fr/SCD/peb/font/makefont/U+00B3">U+00B3</a></pre>
<pre>          <a href="https://www2.u-bordeaux3.fr/SCD/peb/font/makefont/U+00B4">U+00B4</a></pre>
<pre>          <a href="https://www2.u-bordeaux3.fr/SCD/peb/font/makefont/U+00B5">U+00B5</a></pre>
<pre>          <a href="https://www2.u-bordeaux3.fr/SCD/peb/font/makefont/U+00B6">U+00B6</a></pre>
<pre>          <a href="https://www2.u-bordeaux3.fr/SCD/peb/font/makefont/U+00B7">U+00B7</a></pre>
<pre>          <a href="https://www2.u-bordeaux3.fr/SCD/peb/font/makefont/U+00B8">U+00B8</a></pre>
<pre>          <a href="https://www2.u-bordeaux3.fr/SCD/peb/font/makefont/U+00B9">U+00B9</a></pre>
<pre>          <a href="https://www2.u-bordeaux3.fr/SCD/peb/font/makefont/U+00BA">U+00BA</a></pre>
<pre>          <a href="https://www2.u-bordeaux3.fr/SCD/peb/font/makefont/U+00BB">U+00BB</a></pre>
<pre>          <a href="https://www2.u-bordeaux3.fr/SCD/peb/font/makefont/U+00BC">U+00BC</a></pre>
<pre>          <a href="https://www2.u-bordeaux3.fr/SCD/peb/font/makefont/U+00BD">U+00BD</a></pre>
<pre>          <a href="https://www2.u-bordeaux3.fr/SCD/peb/font/makefont/U+00BE">U+00BE</a></pre>
<pre>          <a href="https://www2.u-bordeaux3.fr/SCD/peb/font/makefont/U+00BF">U+00BF</a></pre>
<pre>          <a href="https://www2.u-bordeaux3.fr/SCD/peb/font/makefont/U+00C0">U+00C0</a></pre>
<pre>          <a href="https://www2.u-bordeaux3.fr/SCD/peb/font/makefont/U+00C1">U+00C1</a></pre>
<pre>          <a href="https://www2.u-bordeaux3.fr/SCD/peb/font/makefont/U+00C2">U+00C2</a></pre>
<pre>          <a href="https://www2.u-bordeaux3.fr/SCD/peb/font/makefont/U+00C3">U+00C3</a></pre>
<pre>          <a href="https://www2.u-bordeaux3.fr/SCD/peb/font/makefont/U+00C4">U+00C4</a></pre>
<pre>          <a href="https://www2.u-bordeaux3.fr/SCD/peb/font/makefont/U+00C5">U+00C5</a></pre>
<pre>          <a href="https://www2.u-bordeaux3.fr/SCD/peb/font/makefont/U+00C6">U+00C6</a></pre>
<pre>          <a href="https://www2.u-bordeaux3.fr/SCD/peb/font/makefont/U+00C7">U+00C7</a></pre>
<pre>          <a href="https://www2.u-bordeaux3.fr/SCD/peb/font/makefont/U+00C8">U+00C8</a></pre>
<pre>          <a href="https://www2.u-bordeaux3.fr/SCD/peb/font/makefont/U+00C9">U+00C9</a></pre>
<pre>          <a href="https://www2.u-bordeaux3.fr/SCD/peb/font/makefont/U+00CA">U+00CA</a></pre>
<pre>          <a href="https://www2.u-bordeaux3.fr/SCD/peb/font/makefont/U+00CB">U+00CB</a></pre>
<pre>          <a href="https://www2.u-bordeaux3.fr/SCD/peb/font/makefont/U+00CC">U+00CC</a></pre>
<pre>          <a href="https://www2.u-bordeaux3.fr/SCD/peb/font/makefont/U+00CD">U+00CD</a></pre>
<pre>          <a href="https://www2.u-bordeaux3.fr/SCD/peb/font/makefont/U+00CE">U+00CE</a></pre>
<pre>          <a href="https://www2.u-bordeaux3.fr/SCD/peb/font/makefont/U+00CF">U+00CF</a></pre>
<pre>          <a href="https://www2.u-bordeaux3.fr/SCD/peb/font/makefont/U+011E">U+011E</a></pre>
<pre>          <a href="https://www2.u-bordeaux3.fr/SCD/peb/font/makefont/U+00D1">U+00D1</a></pre>
<pre>          <a href="https://www2.u-bordeaux3.fr/SCD/peb/font/makefont/U+00D2">U+00D2</a></pre>
<pre>          <a href="https://www2.u-bordeaux3.fr/SCD/peb/font/makefont/U+00D3">U+00D3</a></pre>
<pre>          <a href="https://www2.u-bordeaux3.fr/SCD/peb/font/makefont/U+00D4">U+00D4</a></pre>
<pre>          <a href="https://www2.u-bordeaux3.fr/SCD/peb/font/makefont/U+00D5">U+00D5</a></pre>
<pre>          <a href="https://www2.u-bordeaux3.fr/SCD/peb/font/makefont/U+00D6">U+00D6</a></pre>
<pre>          <a href="https://www2.u-bordeaux3.fr/SCD/peb/font/makefont/U+00D7">U+00D7</a></pre>
<pre>          <a href="https://www2.u-bordeaux3.fr/SCD/peb/font/makefont/U+00D8">U+00D8</a></pre>
<pre>          <a href="https://www2.u-bordeaux3.fr/SCD/peb/font/makefont/U+00D9">U+00D9</a></pre>
<pre>          <a href="https://www2.u-bordeaux3.fr/SCD/peb/font/makefont/U+00DA">U+00DA</a></pre>
<pre>          <a href="https://www2.u-bordeaux3.fr/SCD/peb/font/makefont/U+00DB">U+00DB</a></pre>
<pre>          <a href="https://www2.u-bordeaux3.fr/SCD/peb/font/makefont/U+00DC">U+00DC</a></pre>
<pre>          <a href="https://www2.u-bordeaux3.fr/SCD/peb/font/makefont/U+0130">U+0130</a></pre>
<pre>          <a href="https://www2.u-bordeaux3.fr/SCD/peb/font/makefont/U+015E">U+015E</a></pre>
<pre>          <a href="https://www2.u-bordeaux3.fr/SCD/peb/font/makefont/U+00DF">U+00DF</a></pre>
<pre>          <a href="https://www2.u-bordeaux3.fr/SCD/peb/font/makefont/U+00E0">U+00E0</a></pre>
<pre>          <a href="https://www2.u-bordeaux3.fr/SCD/peb/font/makefont/U+00E1">U+00E1</a></pre>
<pre>          <a href="https://www2.u-bordeaux3.fr/SCD/peb/font/makefont/U+00E2">U+00E2</a></pre>
<pre>          <a href="https://www2.u-bordeaux3.fr/SCD/peb/font/makefont/U+00E3">U+00E3</a></pre>
<pre>          <a href="https://www2.u-bordeaux3.fr/SCD/peb/font/makefont/U+00E4">U+00E4</a></pre>
<pre>          <a href="https://www2.u-bordeaux3.fr/SCD/peb/font/makefont/U+00E5">U+00E5</a></pre>
<pre>          <a href="https://www2.u-bordeaux3.fr/SCD/peb/font/makefont/U+00E6">U+00E6</a></pre>
<pre>          <a href="https://www2.u-bordeaux3.fr/SCD/peb/font/makefont/U+00E7">U+00E7</a></pre>
<pre>          <a href="https://www2.u-bordeaux3.fr/SCD/peb/font/makefont/U+00E8">U+00E8</a></pre>
<pre>          <a href="https://www2.u-bordeaux3.fr/SCD/peb/font/makefont/U+00E9">U+00E9</a></pre>
<pre>          <a href="https://www2.u-bordeaux3.fr/SCD/peb/font/makefont/U+00EA">U+00EA</a></pre>
<pre>          <a href="https://www2.u-bordeaux3.fr/SCD/peb/font/makefont/U+00EB">U+00EB</a></pre>
<pre>          <a href="https://www2.u-bordeaux3.fr/SCD/peb/font/makefont/U+00EC">U+00EC</a></pre>
<pre>          <a href="https://www2.u-bordeaux3.fr/SCD/peb/font/makefont/U+00ED">U+00ED</a></pre>
<pre>          <a href="https://www2.u-bordeaux3.fr/SCD/peb/font/makefont/U+00EE">U+00EE</a></pre>
<pre>          <a href="https://www2.u-bordeaux3.fr/SCD/peb/font/makefont/U+00EF">U+00EF</a></pre>
<pre>          <a href="https://www2.u-bordeaux3.fr/SCD/peb/font/makefont/U+011F">U+011F</a></pre>
<pre>          <a href="https://www2.u-bordeaux3.fr/SCD/peb/font/makefont/U+00F1">U+00F1</a></pre>
<pre>          <a href="https://www2.u-bordeaux3.fr/SCD/peb/font/makefont/U+00F2">U+00F2</a></pre>
<pre>          <a href="https://www2.u-bordeaux3.fr/SCD/peb/font/makefont/U+00F3">U+00F3</a></pre>
<pre>          <a href="https://www2.u-bordeaux3.fr/SCD/peb/font/makefont/U+00F4">U+00F4</a></pre>
<pre>          <a href="https://www2.u-bordeaux3.fr/SCD/peb/font/makefont/U+00F5">U+00F5</a></pre>
<pre>          <a href="https://www2.u-bordeaux3.fr/SCD/peb/font/makefont/U+00F6">U+00F6</a></pre>
<pre>          <a href="https://www2.u-bordeaux3.fr/SCD/peb/font/makefont/U+00F7">U+00F7</a></pre>
<pre>          <a href="https://www2.u-bordeaux3.fr/SCD/peb/font/makefont/U+00F8">U+00F8</a></pre>
<pre>          <a href="https://www2.u-bordeaux3.fr/SCD/peb/font/makefont/U+00F9">U+00F9</a></pre>
<pre>          <a href="https://www2.u-bordeaux3.fr/SCD/peb/font/makefont/U+00FA">U+00FA</a></pre>
<pre>          <a href="https://www2.u-bordeaux3.fr/SCD/peb/font/makefont/U+00FB">U+00FB</a></pre>
<pre>          <a href="https://www2.u-bordeaux3.fr/SCD/peb/font/makefont/U+00FC">U+00FC</a></pre>
<pre>          <a href="https://www2.u-bordeaux3.fr/SCD/peb/font/makefont/U+0131">U+0131</a></pre>
<pre>          <a href="https://www2.u-bordeaux3.fr/SCD/peb/font/makefont/U+015F">U+015F</a></pre>
<pre>          <a href="https://www2.u-bordeaux3.fr/SCD/peb/font/makefont/U+00FF">U+00FF</a></pre>


</body>
</html>
